------------------------------------------------------------
TimeQuest Timing Analyzer Summary
------------------------------------------------------------

Type  : Slow Model Setup 'Porta'
Slack : -1.537
TNS   : -7.162

Type  : Slow Model Setup 'estado_atual.Ligar'
Slack : -1.300
TNS   : -6.873

Type  : Slow Model Setup 'CLOCK'
Slack : -0.382
TNS   : -0.655

Type  : Slow Model Setup 'estado_atual.Finalizado'
Slack : -0.367
TNS   : -0.367

Type  : Slow Model Hold 'CLOCK'
Slack : -2.551
TNS   : -6.612

Type  : Slow Model Hold 'estado_atual.Ligar'
Slack : -2.473
TNS   : -5.104

Type  : Slow Model Hold 'Porta'
Slack : -2.258
TNS   : -2.258

Type  : Slow Model Hold 'estado_atual.Finalizado'
Slack : -1.799
TNS   : -2.675

Type  : Slow Model Minimum Pulse Width 'CLOCK'
Slack : -1.380
TNS   : -9.380

Type  : Slow Model Minimum Pulse Width 'Porta'
Slack : -1.222
TNS   : -1.222

Type  : Slow Model Minimum Pulse Width 'estado_atual.Finalizado'
Slack : 0.500
TNS   : 0.000

Type  : Slow Model Minimum Pulse Width 'estado_atual.Ligar'
Slack : 0.500
TNS   : 0.000

Type  : Fast Model Setup 'Porta'
Slack : -0.310
TNS   : -1.292

Type  : Fast Model Setup 'estado_atual.Ligar'
Slack : -0.300
TNS   : -1.478

Type  : Fast Model Setup 'estado_atual.Finalizado'
Slack : 0.228
TNS   : 0.000

Type  : Fast Model Setup 'CLOCK'
Slack : 0.312
TNS   : 0.000

Type  : Fast Model Hold 'CLOCK'
Slack : -1.590
TNS   : -4.331

Type  : Fast Model Hold 'Porta'
Slack : -1.158
TNS   : -1.158

Type  : Fast Model Hold 'estado_atual.Ligar'
Slack : -1.136
TNS   : -2.708

Type  : Fast Model Hold 'estado_atual.Finalizado'
Slack : -1.087
TNS   : -1.628

Type  : Fast Model Minimum Pulse Width 'CLOCK'
Slack : -1.380
TNS   : -9.380

Type  : Fast Model Minimum Pulse Width 'Porta'
Slack : -1.222
TNS   : -1.222

Type  : Fast Model Minimum Pulse Width 'estado_atual.Finalizado'
Slack : 0.500
TNS   : 0.000

Type  : Fast Model Minimum Pulse Width 'estado_atual.Ligar'
Slack : 0.500
TNS   : 0.000

------------------------------------------------------------
